// Vitest Snapshot v1, https://vitest.dev/guide/snapshot.html

exports[`SubGenerator java of quarkus JHipster blueprint > run > should succeed 1`] = `
{
  ".yo-rc.json": {
    "stateCleared": "modified",
  },
  "src/main/java/com/mycompany/myapp/GeneratedByJHipster.java": {
    "stateCleared": "modified",
  },
  "src/main/java/com/mycompany/myapp/package-info.java": {
    "stateCleared": "modified",
  },
  "src/test/java/com/mycompany/myapp/domain/AssertUtils.java": {
    "stateCleared": "modified",
  },
}
`;
