// Vitest Snapshot v1, https://vitest.dev/guide/snapshot.html

exports[`SubGenerator java-simple-application:gradle of quarkus JHipster blueprint > run > should succeed 1`] = `
{
  ".yo-rc.json": {
    "stateCleared": "modified",
  },
  "build.gradle": {
    "stateCleared": "modified",
  },
  "buildSrc/build.gradle": {
    "stateCleared": "modified",
  },
  "buildSrc/gradle/libs.versions.toml": {
    "stateCleared": "modified",
  },
  "gradle/libs.versions.toml": {
    "stateCleared": "modified",
  },
  "gradle/wrapper/gradle-wrapper.jar": {
    "stateCleared": "modified",
  },
  "gradle/wrapper/gradle-wrapper.properties": {
    "stateCleared": "modified",
  },
  "gradlew": {
    "stateCleared": "modified",
  },
  "gradlew.bat": {
    "stateCleared": "modified",
  },
}
`;
